// Jest Snapshot v1, https://goo.gl/fbAQLP

exports[`Server - e2e gets a single launch 1`] = `
Object {
  "data": Object {
    "launch": null,
  },
  "errors": Array [
    Object {
      "extensions": Object {
        "code": "UNAUTHENTICATED",
      },
      "locations": Array [
        Object {
          "column": 5,
          "line": 4,
        },
      ],
      "message": "You are not logged in",
      "path": Array [
        "launch",
        "isBooked",
      ],
    },
  ],
}
`;

exports[`Server - e2e gets list of launches 1`] = `
Object {
  "data": Object {
    "launches": Object {
      "cursor": "1517433900",
      "launches": Array [
        Object {
          "mission": Object {
            "missionPatch": "https://images2.imgbox.com/42/0a/LAupFe3L_o.png",
            "name": "SES-16 / GovSat-1",
          },
        },
      ],
    },
  },
}
`;
